Cat radius: Cat angle: mouse angle: 
Cat caughted Mouse in 1
