apple :  30
orange :  19
orange :  8
banana :  5
apple :  21
apple :  21
banana :  5
orange :  8
banana :  5
orange :  8
apple :  21
