apple :  2
orange :  4
Unrecognizable command word.
apple :  -2
apple :  -2
orange :  4
Unrecognizable command args.
apple :  -2
orange :  4
